
==================================================================
 A4 CLOUD RUN · preregistered allocation experiment (offline package)
==================================================================
  audited code : ddd44b5332de03337720ad9b1095b4a9d7ecdf6f (allocation-prerun-audited)
  work root    : /root/a4_cloud
  [auto] skipping prompt

==================================================================
 STEP 1 · Environment preflight
==================================================================
  python3: 3.11
  git: git version 2.43.0
  dataset found: /root/a4_cloud/data/OpenIllumination
  dataset: 11 objects x 142 thumbnails + light_pos.npy verified

==================================================================
 STEP 2 · Audited code from the offline git bundle
==================================================================
  repo-new already restored
  repo-new @ ddd44b5332de03337720ad9b1095b4a9d7ecdf6f = allocation-prerun-audited  ✓

==================================================================
 STEP 3 · Python venv + dependencies
==================================================================
  imports OK

==================================================================
 STEP 4 · Pre-Run Seal (7 mechanical checks incl. F5 manifest gate)
==================================================================
{
 "head": "ddd44b5332de03337720ad9b1095b4a9d7ecdf6f",
 "head_is_audited": true,
 "tag_points_to_head": true,
 "worktree_clean": true,
 "f5_manifest_match": true,
 "f5_files_checked": 7,
 "f5_mismatches": [],
 "checksum_failures": 0,
 "pytest_summary": "85 passed, 5 skipped in 16.71s",
 "results_dir_clean": true,
 "results_dir_extra": [],
 "all_pass": true,
 "timestamp_utc": "2026-09-09T16:32:57Z"
}
A4_PRECHECK = PASS
  [auto] skipping prompt

==================================================================
 STEP 5 · A4 formal run (29,700 reconstructions)
==================================================================
  workers: 33 (nproc=64; cgroup cpus=32; hard ceiling 33 cells)
  blas threads/worker: 1 (override: MRC_OMP_THREADS=n)
[a4] 33 cells x 2 regimes x (9 units x 5 budgets x 10 seeds) = 29700 reconstructions
[a4] heartbeat every 30s; watchdog stack dump every 1800s; stale warn after 900s
[a4][hb 16:32:57] done 0/33 | running 33 | load 0.59 | obj_03_pumpkin|0.2 0min(starting) ; obj_03_pumpkin|0.5 0min(starting) ; obj_03_pumpkin|1.0 0min(starting) ; obj_04_dolphin|0.2 0min(starting) ; obj_04_dolphin|0.5 0min(starting)
[a4][hb 16:33:27] done 0/33 | running 33 | load 13.48 | obj_03_pumpkin|0.2 1min select[r10 s-] +0min ; obj_03_pumpkin|0.5 1min select[r10 s-] +0min ; obj_03_pumpkin|1.0 1min select[r10 s-] +0min ; obj_04_dolphin|0.2 1min select[r10 s-] +0min ; obj_04_dolphin|0.5 1min select[r10 s-] +0min
[a4][hb 16:33:57] done 0/33 | running 33 | load 21.54 | obj_03_pumpkin|0.2 1min select[r10 s-] +0min ; obj_03_pumpkin|0.5 1min select[r10 s-] +0min ; obj_03_pumpkin|1.0 1min select[r10 s-] +0min ; obj_04_dolphin|0.2 1min select[r10 s-] +0min ; obj_04_dolphin|0.5 1min select[r10 s-] +0min
[a4][hb 16:34:27] done 0/33 | running 33 | load 26.50 | obj_03_pumpkin|0.2 2min select[r10 s-] +1min ; obj_03_pumpkin|0.5 2min select[r10 s-] +1min ; obj_03_pumpkin|1.0 2min select[r10 s-] +1min ; obj_04_dolphin|0.2 2min select[r10 s-] +1min ; obj_04_dolphin|0.5 2min select[r10 s-] +1min
[a4][hb 16:34:57] done 0/33 | running 33 | load 22.46 | obj_03_pumpkin|0.2 2min select[r10 s-] +1min ; obj_03_pumpkin|0.5 2min select[r10 s-] +1min ; obj_03_pumpkin|1.0 2min select[r10 s-] +1min ; obj_04_dolphin|0.2 2min select[r10 s-] +1min ; obj_04_dolphin|0.5 2min select[r10 s-] +1min
[a4][hb 16:35:27] done 0/33 | running 33 | load 24.48 | obj_03_pumpkin|0.2 3min select[r10 s-] +2min ; obj_03_pumpkin|0.5 3min select[r10 s-] +2min ; obj_03_pumpkin|1.0 3min select[r10 s-] +0min ; obj_04_dolphin|0.2 3min select[r10 s-] +0min ; obj_04_dolphin|0.5 3min select[r10 s-] +0min
[a4][hb 16:35:57] done 0/33 | running 33 | load 28.34 | obj_03_pumpkin|0.2 3min select[r10 s-] +0min ; obj_03_pumpkin|0.5 3min select[r10 s-] +0min ; obj_03_pumpkin|1.0 3min select[r10 s-] +1min ; obj_04_dolphin|0.2 3min select[r10 s-] +1min ; obj_04_dolphin|0.5 3min select[r10 s-] +1min
[a4][hb 16:36:27] done 0/33 | running 33 | load 30.48 | obj_03_pumpkin|0.2 4min select[r10 s-] +1min ; obj_03_pumpkin|0.5 4min select[r10 s-] +1min ; obj_03_pumpkin|1.0 4min select[r10 s-] +1min ; obj_04_dolphin|0.2 4min select[r10 s-] +1min ; obj_04_dolphin|0.5 4min select[r10 s-] +1min
[a4][hb 16:36:57] done 0/33 | running 33 | load 31.82 | obj_03_pumpkin|0.2 4min select[r10 s-] +1min ; obj_03_pumpkin|0.5 4min select[r10 s-] +1min ; obj_03_pumpkin|1.0 4min select[r10 s-] +2min ; obj_04_dolphin|0.2 4min select[r10 s-] +2min ; obj_04_dolphin|0.5 4min select[r10 s-] +2min
[a4][hb 16:37:27] done 0/33 | running 33 | load 32.52 | obj_03_pumpkin|0.2 5min select[r10 s-] +2min ; obj_03_pumpkin|0.5 5min select[r10 s-] +0min ; obj_03_pumpkin|1.0 5min select[r10 s-] +0min ; obj_04_dolphin|0.2 5min select[r10 s-] +0min ; obj_04_dolphin|0.5 5min select[r10 s-] +0min
[a4][hb 16:37:57] done 0/33 | running 33 | load 33.20 | obj_03_pumpkin|0.2 5min select[r10 s-] +0min ; obj_03_pumpkin|0.5 5min select[r10 s-] +1min ; obj_03_pumpkin|1.0 5min select[r10 s-] +1min ; obj_04_dolphin|0.2 5min select[r10 s-] +1min ; obj_04_dolphin|0.5 5min select[r10 s-] +1min
[a4][hb 16:38:27] done 0/33 | running 33 | load 33.39 | obj_03_pumpkin|0.2 6min select[r10 s-] +1min ; obj_03_pumpkin|0.5 6min select[r10 s-] +1min ; obj_03_pumpkin|1.0 6min select[r10 s-] +1min ; obj_04_dolphin|0.2 6min select[r10 s-] +1min ; obj_04_dolphin|0.5 6min select[r10 s-] +1min
[a4][hb 16:38:57] done 0/33 | running 33 | load 33.49 | obj_03_pumpkin|0.2 6min select[r10 s-] +1min ; obj_03_pumpkin|0.5 6min select[r10 s-] +2min ; obj_03_pumpkin|1.0 6min select[r10 s-] +2min ; obj_04_dolphin|0.2 6min select[r10 s-] +2min ; obj_04_dolphin|0.5 6min select[r10 s-] +2min
[a4][hb 16:39:27] done 0/33 | running 33 | load 33.56 | obj_03_pumpkin|0.2 7min select[r10 s-] +2min ; obj_03_pumpkin|0.5 7min select[r100 s-] +0min ; obj_03_pumpkin|1.0 7min select[r100 s-] +0min ; obj_04_dolphin|0.2 7min select[r100 s-] +0min ; obj_04_dolphin|0.5 7min select[r100 s-] +0min
[a4][hb 16:39:57] done 0/33 | running 33 | load 33.94 | obj_03_pumpkin|0.2 7min select[r100 s-] +0min ; obj_03_pumpkin|0.5 7min select[r100 s-] +0min ; obj_03_pumpkin|1.0 7min select[r100 s-] +0min ; obj_04_dolphin|0.2 7min select[r100 s-] +0min ; obj_04_dolphin|0.5 7min select[r100 s-] +1min
[a4][hb 16:40:27] done 0/33 | running 33 | load 34.13 | obj_03_pumpkin|0.2 8min select[r100 s-] +0min ; obj_03_pumpkin|0.5 8min select[r100 s-] +1min ; obj_03_pumpkin|1.0 8min select[r100 s-] +1min ; obj_04_dolphin|0.2 8min select[r100 s-] +1min ; obj_04_dolphin|0.5 8min select[r100 s-] +0min
[a4][hb 16:40:57] done 0/33 | running 33 | load 33.98 | obj_03_pumpkin|0.2 8min select[r100 s-] +1min ; obj_03_pumpkin|0.5 8min select[r100 s-] +1min ; obj_03_pumpkin|1.0 8min select[r100 s-] +1min ; obj_04_dolphin|0.2 8min select[r100 s-] +1min ; obj_04_dolphin|0.5 8min select[r100 s-] +1min
[a4][hb 16:41:27] done 0/33 | running 33 | load 33.85 | obj_03_pumpkin|0.2 9min select[r100 s-] +1min ; obj_03_pumpkin|0.5 9min select[r100 s-] +2min ; obj_03_pumpkin|1.0 9min select[r100 s-] +2min ; obj_04_dolphin|0.2 9min select[r100 s-] +2min ; obj_04_dolphin|0.5 9min select[r100 s-] +1min
[a4][hb 16:41:57] done 0/33 | running 33 | load 33.73 | obj_03_pumpkin|0.2 9min select[r100 s-] +2min ; obj_03_pumpkin|0.5 9min select[r100 s-] +0min ; obj_03_pumpkin|1.0 9min select[r100 s-] +0min ; obj_04_dolphin|0.2 9min select[r100 s-] +0min ; obj_04_dolphin|0.5 9min select[r100 s-] +0min
[a4][hb 16:42:27] done 0/33 | running 33 | load 33.83 | obj_03_pumpkin|0.2 10min select[r100 s-] +0min ; obj_03_pumpkin|0.5 10min select[r100 s-] +1min ; obj_03_pumpkin|1.0 10min select[r100 s-] +1min ; obj_04_dolphin|0.2 10min select[r100 s-] +1min ; obj_04_dolphin|0.5 10min select[r100 s-] +1min
[a4][hb 16:42:57] done 0/33 | running 33 | load 31.52 | obj_03_pumpkin|0.2 10min select[r100 s-] +1min ; obj_03_pumpkin|0.5 10min select[r100 s-] +1min ; obj_03_pumpkin|1.0 10min select[r100 s-] +1min ; obj_04_dolphin|0.2 10min select[r100 s-] +1min ; obj_04_dolphin|0.5 10min select[r100 s-] +1min
[a4][hb 16:43:27] done 0/33 | running 33 | load 24.43 | obj_03_pumpkin|0.2 11min select[r100 s-] +1min ; obj_03_pumpkin|0.5 11min select[r100 s-] +2min ; obj_03_pumpkin|1.0 11min select[r100 s-] +2min ; obj_04_dolphin|0.2 11min select[r100 s-] +2min ; obj_04_dolphin|0.5 11min select[r100 s-] +2min
[a4][hb 16:43:57] done 0/33 | running 33 | load 28.35 | obj_03_pumpkin|0.2 11min select[r100 s-] +2min ; obj_03_pumpkin|0.5 11min select[r100 s-] +0min ; obj_03_pumpkin|1.0 11min select[r100 s-] +0min ; obj_04_dolphin|0.2 11min select[r100 s-] +0min ; obj_04_dolphin|0.5 11min select[r100 s-] +0min
[a4][hb 16:44:27] done 0/33 | running 33 | load 30.47 | obj_03_pumpkin|0.2 12min select[r100 s-] +0min ; obj_03_pumpkin|0.5 12min select[r100 s-] +1min ; obj_03_pumpkin|1.0 12min select[r100 s-] +1min ; obj_04_dolphin|0.2 12min select[r100 s-] +1min ; obj_04_dolphin|0.5 12min select[r100 s-] +1min
[a4][hb 16:44:57] done 0/33 | running 33 | load 31.73 | obj_03_pumpkin|0.2 12min select[r100 s-] +1min ; obj_03_pumpkin|0.5 12min select[r100 s-] +1min ; obj_03_pumpkin|1.0 12min select[r100 s-] +1min ; obj_04_dolphin|0.2 12min select[r100 s-] +1min ; obj_04_dolphin|0.5 12min select[r100 s-] +1min
[a4] done obj_09_ball|0.5 in 12.4 min (1/33; ETA 396 min)
[a4] done obj_07_pumpkin2|1.0 in 12.4 min (2/33; ETA 192 min)
[a4] done obj_04_dolphin|0.2 in 12.4 min (3/33; ETA 124 min)
[a4] done obj_04_dolphin|1.0 in 12.5 min (4/33; ETA 91 min)
[a4] done obj_13_mushroom|0.5 in 12.5 min (5/33; ETA 70 min)
[a4][hb 16:45:27] done 5/33 | running 28 | load 32.00 | obj_03_pumpkin|0.2 13min select[r100 s-] +1min ; obj_03_pumpkin|0.5 13min select[r100 s-] +2min ; obj_03_pumpkin|1.0 13min select[r100 s-] +2min ; obj_04_dolphin|0.5 13min select[r100 s-] +2min ; obj_07_pumpkin2|0.2 13min select[r100 s-] +2min
[a4] done obj_13_mushroom|0.2 in 12.6 min (6/33; ETA 57 min)
[a4] done obj_18_fabric_hat|1.0 in 12.6 min (7/33; ETA 47 min)
[a4] done obj_19_cylinder|1.0 in 12.6 min (8/33; ETA 39 min)
[a4] done obj_07_pumpkin2|0.2 in 12.6 min (9/33; ETA 34 min)
[a4] done obj_16_friends_cup|1.0 in 12.6 min (10/33; ETA 29 min)
[a4] done obj_10_pumpkin3|0.5 in 12.6 min (11/33; ETA 25 min)
[a4] done obj_11_pine|1.0 in 12.7 min (12/33; ETA 22 min)
[a4] done obj_03_pumpkin|1.0 in 12.7 min (13/33; ETA 20 min)
[a4] done obj_17_pumpkin5|0.5 in 12.7 min (14/33; ETA 17 min)
[a4] done obj_18_fabric_hat|0.2 in 12.7 min (15/33; ETA 15 min)
[a4] done obj_13_mushroom|1.0 in 12.7 min (16/33; ETA 14 min)
[a4] done obj_11_pine|0.2 in 12.7 min (17/33; ETA 12 min)
[a4] done obj_04_dolphin|0.5 in 12.7 min (18/33; ETA 11 min)
[a4] done obj_16_friends_cup|0.2 in 12.7 min (19/33; ETA 9 min)
[a4] done obj_16_friends_cup|0.5 in 12.7 min (20/33; ETA 8 min)
[a4] done obj_07_pumpkin2|0.5 in 12.8 min (21/33; ETA 7 min)
[a4] done obj_19_cylinder|0.5 in 12.8 min (22/33; ETA 6 min)
[a4] done obj_18_fabric_hat|0.5 in 12.8 min (23/33; ETA 6 min)
[a4] done obj_09_ball|0.2 in 12.8 min (24/33; ETA 5 min)
[a4] done obj_09_ball|1.0 in 12.8 min (25/33; ETA 4 min)
[a4] done obj_03_pumpkin|0.5 in 12.8 min (26/33; ETA 3 min)
[a4] done obj_19_cylinder|0.2 in 12.8 min (27/33; ETA 3 min)
[a4] done obj_17_pumpkin5|0.2 in 12.9 min (28/33; ETA 2 min)
[a4] done obj_10_pumpkin3|0.2 in 12.9 min (29/33; ETA 2 min)
[a4] done obj_17_pumpkin5|1.0 in 12.9 min (30/33; ETA 1 min)
[a4] done obj_11_pine|0.5 in 12.9 min (31/33; ETA 1 min)
[a4] done obj_10_pumpkin3|1.0 in 13.0 min (32/33; ETA 0 min)
[a4] done obj_03_pumpkin|0.2 in 13.0 min (33/33; ETA 0 min)
[a4] cells completed: 33/33 (+0 previously done); total wall 13 min
  [auto] skipping prompt

==================================================================
 STEP 6 · Stage-2 integrity checks (mechanical)
==================================================================
== stage 2: integrity checks (mechanical only) ==
  [OK] 11 objects x 3 levels = 33 cells -- got 33
  [OK] per-run rows == 29700 -- got 29700
  [OK] no duplicate runs -- 0 duplicated keys
  [OK] no NaN/Inf in E_run -- 0 bad
  [OK] failure log empty
  [FAIL] every policy uses the same calibration budget per cell
  [OK] random realized as 5 permutation units
  [OK] selection orders: 33 cells x 2 regimes x 9 units -- got 594, expected 594
  [OK] every ordering is a full 142-light permutation
  [OK] selection trace carries no reconstruction-side labels
  [OK] SelectionState field set == prediction-side five -- ['M0', 'active', 'finf', 'lam0', 'u']
assembled: per_run_errors.csv / uos_table.csv / selection_orders.json
STAGE2 = FAIL: every policy uses the same calibration budget per cell
FATAL: integrity FAILED — see /root/a4_cloud/logs/stage2.log (send it to the author)
